/home/zal/Devel/SyntheticProposals/data/amass/sitdown/normalized/Experiment3_subject1346_wash_back_position_horizontal_01_poses.npz
/home/zal/Devel/SyntheticProposals/data/amass/sitdown/normalized/Experiment3_subject1346_wash_back_position_horizontal_02_poses.npz
/home/zal/Devel/SyntheticProposals/data/amass/sitdown/normalized/Experiment3_subject1346_wash_leg_position_bigcircles_01_poses.npz
/home/zal/Devel/SyntheticProposals/data/amass/sitdown/normalized/Experiment3_subject1346_wash_leg_position_bigcircles_02_poses.npz
/home/zal/Devel/SyntheticProposals/data/amass/sitdown/normalized/Experiment3_subject1346_wash_leg_position_horizontal_01_poses.npz
/home/zal/Devel/SyntheticProposals/data/amass/sitdown/normalized/Experiment3_subject1346_wash_leg_position_horizontal_02_poses.npz
/home/zal/Devel/SyntheticProposals/data/amass/sitdown/normalized/Experiment3_subject1346_wash_leg_position_smallcircles_01_poses.npz
/home/zal/Devel/SyntheticProposals/data/amass/sitdown/normalized/Experiment3_subject1346_wash_leg_position_smallcircles_02_poses.npz
/home/zal/Devel/SyntheticProposals/data/amass/sitdown/normalized/Experiment3_subject1346_wash_leg_position_vertical_01_poses.npz
/home/zal/Devel/SyntheticProposals/data/amass/sitdown/normalized/Experiment3_subject1346_wash_leg_position_vertical_02_poses.npz
/home/zal/Devel/SyntheticProposals/data/amass/sitdown/normalized/Experiment3_subject1347_wash_leg_position_smallcircles_01_poses.npz
/home/zal/Devel/SyntheticProposals/data/amass/sitdown/normalized/Experiment3_subject1347_wash_leg_position_smallcircles_02_poses.npz
/home/zal/Devel/SyntheticProposals/data/amass/sitdown/normalized/sitdown_standup-01-impolite-hamada_poses.npz
/home/zal/Devel/SyntheticProposals/data/amass/sitdown/normalized/sitdown_standup-01-impolite-kanno_poses.npz
/home/zal/Devel/SyntheticProposals/data/amass/sitdown/normalized/sitdown_standup-01-impolite-kawaguchi_poses.npz
/home/zal/Devel/SyntheticProposals/data/amass/sitdown/normalized/sitdown_standup-02-chair-hamada_poses.npz
/home/zal/Devel/SyntheticProposals/data/amass/sitdown/normalized/sitdown_standup-03-chair back-hamada_poses.npz
/home/zal/Devel/SyntheticProposals/data/amass/sitdown/normalized/sitdown_standup-03-chair back-kaiwa_poses.npz
/home/zal/Devel/SyntheticProposals/data/amass/sitdown/normalized/sitdown_standup-03-chair back-kanno_poses.npz
/home/zal/Devel/SyntheticProposals/data/amass/sitdown/normalized/sitdown_standup-03-chair back-shiono_poses.npz
/home/zal/Devel/SyntheticProposals/data/amass/sitdown/normalized/sitdown_standup-04-chair elbow-aita_poses.npz
/home/zal/Devel/SyntheticProposals/data/amass/sitdown/normalized/sitdown_standup-04-chair elbow-hamada_poses.npz
/home/zal/Devel/SyntheticProposals/data/amass/sitdown/normalized/sitdown_standup-05-straight-aita_poses.npz
/home/zal/Devel/SyntheticProposals/data/amass/sitdown/normalized/sitdown_standup-05-straight-hamada_poses.npz
/home/zal/Devel/SyntheticProposals/data/amass/sitdown/normalized/sitdown_standup-08-long sitting-aita_poses.npz
/home/zal/Devel/SyntheticProposals/data/amass/sitdown/normalized/sitdown_standup-09-squat down-aita_poses.npz
/home/zal/Devel/SyntheticProposals/data/amass/sitdown/normalized/sitdown_standup-09-squat down-hamada_poses.npz
/home/zal/Devel/SyntheticProposals/data/amass/sitdown/normalized/sitdown_standup-09-squat down-kaiwa_poses.npz
/home/zal/Devel/SyntheticProposals/data/amass/sitdown/normalized/sitdown_standup-09-squat down-takiguchi_poses.npz
/home/zal/Devel/SyntheticProposals/data/amass/sitdown/normalized/sitdown_standup-10-observe-aita_poses.npz
/home/zal/Devel/SyntheticProposals/data/amass/sitdown/normalized/sitdown_standup-10-observe-hamada_poses.npz
/home/zal/Devel/SyntheticProposals/data/amass/sitdown/normalized/sitdown_standup-10-observe-kanno_poses.npz
/home/zal/Devel/SyntheticProposals/data/amass/sitdown/normalized/sitdown_standup-10-observe-kawaguchi_poses.npz
/home/zal/Devel/SyntheticProposals/data/amass/sitdown/normalized/sitdown_standup-11-one knee drawn up-aita_poses.npz
/home/zal/Devel/SyntheticProposals/data/amass/sitdown/normalized/sitdown_standup-11-one knee drawn up-ichige_poses.npz
/home/zal/Devel/SyntheticProposals/data/amass/sitdown/normalized/sitdown_standup-11-one knee drawn up-kanno_poses.npz
/home/zal/Devel/SyntheticProposals/data/amass/sitdown/normalized/sitdown_standup-11-one knee drawn up-kawaguchi_poses.npz
/home/zal/Devel/SyntheticProposals/data/amass/sitdown/normalized/sitdown_standup-11-one knee drawn up-shiono_poses.npz
/home/zal/Devel/SyntheticProposals/data/amass/sitdown/normalized/sitdown_standup-13-applause-hamada_poses.npz
/home/zal/Devel/SyntheticProposals/data/amass/sitdown/normalized/sitdown_standup-13-applause-kanno_poses.npz
/home/zal/Devel/SyntheticProposals/data/amass/sitdown/normalized/sitdown_standup-14-hold chair-aita_poses.npz
/home/zal/Devel/SyntheticProposals/data/amass/sitdown/normalized/sitdown_standup-14-hold chair-hamada_poses.npz
/home/zal/Devel/SyntheticProposals/data/amass/sitdown/normalized/sitdown_standup-14-hold chair-kanno_poses.npz
/home/zal/Devel/SyntheticProposals/data/amass/sitdown/normalized/sitdown_standup-14-hold chair-kudo_poses.npz
/home/zal/Devel/SyntheticProposals/data/amass/sitdown/normalized/sitdown_standup-15-move chair-aita_poses.npz
/home/zal/Devel/SyntheticProposals/data/amass/sitdown/normalized/sitdown_standup-15-move chair-hamada_poses.npz
/home/zal/Devel/SyntheticProposals/data/amass/sitdown/normalized/sitdown_standup-16-reseat-aita_poses.npz
/home/zal/Devel/SyntheticProposals/data/amass/sitdown/normalized/sitdown_standup-16-reseat-hamada_poses.npz
/home/zal/Devel/SyntheticProposals/data/amass/sitdown/normalized/sitdown_standup-16-reseat-kudo_poses.npz
/home/zal/Devel/SyntheticProposals/data/amass/sitdown/normalized/sitdown_standup-16-reseat-takiguchi_poses.npz
/home/zal/Devel/SyntheticProposals/data/amass/sitdown/normalized/sit_jumpinplace_poses.npz
/home/zal/Devel/SyntheticProposals/data/amass/sitdown/normalized/sit_stand_poses.npz