/mnt/Alfheim/Data/AMASS/NPZ/BML/BioMotionLab_NTroje/rub025/0014_sitting1_poses.npz
/mnt/Alfheim/Data/AMASS/NPZ/BML/BioMotionLab_NTroje/rub025/0015_sitting2_poses.npz
/mnt/Alfheim/Data/AMASS/NPZ/BML/BioMotionLab_NTroje/rub048/0015_sitting1_poses.npz
/mnt/Alfheim/Data/AMASS/NPZ/BML/BioMotionLab_NTroje/rub048/0016_sitting2_poses.npz
/mnt/Alfheim/Data/AMASS/NPZ/BML/BioMotionLab_NTroje/rub084/0015_sitting1_poses.npz
/mnt/Alfheim/Data/AMASS/NPZ/BML/BioMotionLab_NTroje/rub084/0016_sitting2_poses.npz
/mnt/Alfheim/Data/AMASS/NPZ/BML/BioMotionLab_NTroje/rub001/0009_sitting1_poses.npz
/mnt/Alfheim/Data/AMASS/NPZ/BML/BioMotionLab_NTroje/rub001/0010_sitting2_poses.npz
/mnt/Alfheim/Data/AMASS/NPZ/BML/BioMotionLab_NTroje/rub002/0011_sitting1_poses.npz
/mnt/Alfheim/Data/AMASS/NPZ/BML/BioMotionLab_NTroje/rub002/0012_sitting2_poses.npz
/mnt/Alfheim/Data/AMASS/NPZ/BML/BioMotionLab_NTroje/rub003/0011_sitting1_poses.npz
/mnt/Alfheim/Data/AMASS/NPZ/BML/BioMotionLab_NTroje/rub003/0012_sitting2_poses.npz
/mnt/Alfheim/Data/AMASS/NPZ/BML/BioMotionLab_NTroje/rub004/0010_sitting1_poses.npz
/mnt/Alfheim/Data/AMASS/NPZ/BML/BioMotionLab_NTroje/rub005/0010_sitting1_poses.npz
/mnt/Alfheim/Data/AMASS/NPZ/BML/BioMotionLab_NTroje/rub005/0011_sitting2_poses.npz
/mnt/Alfheim/Data/AMASS/NPZ/BML/BioMotionLab_NTroje/rub006/0011_sitting1_poses.npz
/mnt/Alfheim/Data/AMASS/NPZ/BML/BioMotionLab_NTroje/rub006/0012_sitting2_poses.npz
/mnt/Alfheim/Data/AMASS/NPZ/BML/BioMotionLab_NTroje/rub007/0010_sitting1_poses.npz
/mnt/Alfheim/Data/AMASS/NPZ/BML/BioMotionLab_NTroje/rub007/0011_sitting2_poses.npz
/mnt/Alfheim/Data/AMASS/NPZ/BML/BioMotionLab_NTroje/rub008/0015_sitting1_poses.npz
/mnt/Alfheim/Data/AMASS/NPZ/BML/BioMotionLab_NTroje/rub008/0016_sitting2_poses.npz
/mnt/Alfheim/Data/AMASS/NPZ/BML/BioMotionLab_NTroje/rub009/0015_sitting1_poses.npz
/mnt/Alfheim/Data/AMASS/NPZ/BML/BioMotionLab_NTroje/rub009/0016_sitting2_poses.npz
/mnt/Alfheim/Data/AMASS/NPZ/BML/BioMotionLab_NTroje/rub010/0014_sitting1_poses.npz
/mnt/Alfheim/Data/AMASS/NPZ/BML/BioMotionLab_NTroje/rub010/0015_sitting2_poses.npz
/mnt/Alfheim/Data/AMASS/NPZ/BML/BioMotionLab_NTroje/rub011/0015_sitting1_poses.npz
/mnt/Alfheim/Data/AMASS/NPZ/BML/BioMotionLab_NTroje/rub011/0016_sitting2_poses.npz
/mnt/Alfheim/Data/AMASS/NPZ/BML/BioMotionLab_NTroje/rub012/0016_sitting2_poses.npz
/mnt/Alfheim/Data/AMASS/NPZ/BML/BioMotionLab_NTroje/rub012/0015_sitting1_poses.npz
/mnt/Alfheim/Data/AMASS/NPZ/BML/BioMotionLab_NTroje/rub014/0015_sitting1_poses.npz
/mnt/Alfheim/Data/AMASS/NPZ/BML/BioMotionLab_NTroje/rub014/0016_sitting2_poses.npz
/mnt/Alfheim/Data/AMASS/NPZ/BML/BioMotionLab_NTroje/rub015/0015_sitting1_poses.npz
/mnt/Alfheim/Data/AMASS/NPZ/BML/BioMotionLab_NTroje/rub015/0016_sitting2_poses.npz
/mnt/Alfheim/Data/AMASS/NPZ/BML/BioMotionLab_NTroje/rub016/0015_sitting1_poses.npz
/mnt/Alfheim/Data/AMASS/NPZ/BML/BioMotionLab_NTroje/rub016/0016_sitting2_poses.npz
/mnt/Alfheim/Data/AMASS/NPZ/BML/BioMotionLab_NTroje/rub017/0015_sitting1_poses.npz
/mnt/Alfheim/Data/AMASS/NPZ/BML/BioMotionLab_NTroje/rub017/0016_sitting2_poses.npz
/mnt/Alfheim/Data/AMASS/NPZ/BML/BioMotionLab_NTroje/rub018/0015_sitting1_poses.npz
/mnt/Alfheim/Data/AMASS/NPZ/BML/BioMotionLab_NTroje/rub018/0016_sitting2_poses.npz
/mnt/Alfheim/Data/AMASS/NPZ/BML/BioMotionLab_NTroje/rub020/0015_sitting1_poses.npz
/mnt/Alfheim/Data/AMASS/NPZ/BML/BioMotionLab_NTroje/rub020/0016_sitting2_poses.npz
/mnt/Alfheim/Data/AMASS/NPZ/BML/BioMotionLab_NTroje/rub021/0015_sitting1_poses.npz
/mnt/Alfheim/Data/AMASS/NPZ/BML/BioMotionLab_NTroje/rub021/0016_sitting2_poses.npz
/mnt/Alfheim/Data/AMASS/NPZ/BML/BioMotionLab_NTroje/rub022/0014_sitting1_poses.npz
/mnt/Alfheim/Data/AMASS/NPZ/BML/BioMotionLab_NTroje/rub022/0015_sitting2_poses.npz
/mnt/Alfheim/Data/AMASS/NPZ/BML/BioMotionLab_NTroje/rub023/0015_sitting1_poses.npz
/mnt/Alfheim/Data/AMASS/NPZ/BML/BioMotionLab_NTroje/rub023/0016_sitting2_poses.npz
/mnt/Alfheim/Data/AMASS/NPZ/BML/BioMotionLab_NTroje/rub024/0015_sitting1_poses.npz
/mnt/Alfheim/Data/AMASS/NPZ/BML/BioMotionLab_NTroje/rub024/0016_sitting2_poses.npz
/mnt/Alfheim/Data/AMASS/NPZ/BML/BioMotionLab_NTroje/rub049/0013_sitting1_poses.npz
/mnt/Alfheim/Data/AMASS/NPZ/BML/BioMotionLab_NTroje/rub049/0014_sitting2_poses.npz
/mnt/Alfheim/Data/AMASS/NPZ/BML/BioMotionLab_NTroje/rub050/0015_sitting1_poses.npz
/mnt/Alfheim/Data/AMASS/NPZ/BML/BioMotionLab_NTroje/rub050/0016_sitting2_poses.npz
/mnt/Alfheim/Data/AMASS/NPZ/BML/BioMotionLab_NTroje/rub053/0015_sitting1_poses.npz
/mnt/Alfheim/Data/AMASS/NPZ/BML/BioMotionLab_NTroje/rub053/0016_sitting2_poses.npz
/mnt/Alfheim/Data/AMASS/NPZ/BML/BioMotionLab_NTroje/rub054/0016_sitting2_poses.npz
/mnt/Alfheim/Data/AMASS/NPZ/BML/BioMotionLab_NTroje/rub054/0015_sitting1_poses.npz
/mnt/Alfheim/Data/AMASS/NPZ/BML/BioMotionLab_NTroje/rub055/0015_sitting1_poses.npz
/mnt/Alfheim/Data/AMASS/NPZ/BML/BioMotionLab_NTroje/rub055/0016_sitting2_poses.npz
/mnt/Alfheim/Data/AMASS/NPZ/BML/BioMotionLab_NTroje/rub056/0015_sitting1_poses.npz
/mnt/Alfheim/Data/AMASS/NPZ/BML/BioMotionLab_NTroje/rub056/0016_sitting2_poses.npz
/mnt/Alfheim/Data/AMASS/NPZ/BML/BioMotionLab_NTroje/rub057/0016_sitting1_poses.npz
/mnt/Alfheim/Data/AMASS/NPZ/BML/BioMotionLab_NTroje/rub058/0015_sitting1_poses.npz
/mnt/Alfheim/Data/AMASS/NPZ/BML/BioMotionLab_NTroje/rub058/0016_sitting2_poses.npz
/mnt/Alfheim/Data/AMASS/NPZ/BML/BioMotionLab_NTroje/rub059/0015_sitting1_poses.npz
/mnt/Alfheim/Data/AMASS/NPZ/BML/BioMotionLab_NTroje/rub059/0016_sitting2_poses.npz
/mnt/Alfheim/Data/AMASS/NPZ/BML/BioMotionLab_NTroje/rub060/0015_sitting1_poses.npz
/mnt/Alfheim/Data/AMASS/NPZ/BML/BioMotionLab_NTroje/rub060/0016_sitting2_poses.npz
/mnt/Alfheim/Data/AMASS/NPZ/BML/BioMotionLab_NTroje/rub061/0015_sitting1_poses.npz
/mnt/Alfheim/Data/AMASS/NPZ/BML/BioMotionLab_NTroje/rub061/0016_sitting2_poses.npz
/mnt/Alfheim/Data/AMASS/NPZ/BML/BioMotionLab_NTroje/rub062/0015_sitting1_poses.npz
/mnt/Alfheim/Data/AMASS/NPZ/BML/BioMotionLab_NTroje/rub062/0016_sitting2_poses.npz
/mnt/Alfheim/Data/AMASS/NPZ/BML/BioMotionLab_NTroje/rub063/0015_sitting1_poses.npz
/mnt/Alfheim/Data/AMASS/NPZ/BML/BioMotionLab_NTroje/rub063/0016_sitting2_poses.npz
/mnt/Alfheim/Data/AMASS/NPZ/BML/BioMotionLab_NTroje/rub064/0015_sitting1_poses.npz
/mnt/Alfheim/Data/AMASS/NPZ/BML/BioMotionLab_NTroje/rub064/0016_sitting2_poses.npz
/mnt/Alfheim/Data/AMASS/NPZ/BML/BioMotionLab_NTroje/rub065/0015_sitting1_poses.npz
/mnt/Alfheim/Data/AMASS/NPZ/BML/BioMotionLab_NTroje/rub065/0016_sitting2_poses.npz
/mnt/Alfheim/Data/AMASS/NPZ/BML/BioMotionLab_NTroje/rub066/0015_sitting1_poses.npz
/mnt/Alfheim/Data/AMASS/NPZ/BML/BioMotionLab_NTroje/rub066/0016_sitting2_poses.npz
/mnt/Alfheim/Data/AMASS/NPZ/BML/BioMotionLab_NTroje/rub067/0015_sitting1_poses.npz
/mnt/Alfheim/Data/AMASS/NPZ/BML/BioMotionLab_NTroje/rub067/0016_sitting2_poses.npz
/mnt/Alfheim/Data/AMASS/NPZ/BML/BioMotionLab_NTroje/rub068/0016_sitting2_poses.npz
/mnt/Alfheim/Data/AMASS/NPZ/BML/BioMotionLab_NTroje/rub068/0015_sitting1_poses.npz
/mnt/Alfheim/Data/AMASS/NPZ/BML/BioMotionLab_NTroje/rub069/0016_sitting2_poses.npz
/mnt/Alfheim/Data/AMASS/NPZ/BML/BioMotionLab_NTroje/rub069/0015_sitting1_poses.npz
/mnt/Alfheim/Data/AMASS/NPZ/BML/BioMotionLab_NTroje/rub070/0015_sitting1_poses.npz
/mnt/Alfheim/Data/AMASS/NPZ/BML/BioMotionLab_NTroje/rub070/0016_sitting2_poses.npz
/mnt/Alfheim/Data/AMASS/NPZ/BML/BioMotionLab_NTroje/rub071/0015_sitting1_poses.npz
/mnt/Alfheim/Data/AMASS/NPZ/BML/BioMotionLab_NTroje/rub071/0016_sitting2_poses.npz
/mnt/Alfheim/Data/AMASS/NPZ/BML/BioMotionLab_NTroje/rub072/0015_sitting1_poses.npz
/mnt/Alfheim/Data/AMASS/NPZ/BML/BioMotionLab_NTroje/rub072/0016_sitting2_poses.npz
/mnt/Alfheim/Data/AMASS/NPZ/BML/BioMotionLab_NTroje/rub073/0015_sitting1_poses.npz
/mnt/Alfheim/Data/AMASS/NPZ/BML/BioMotionLab_NTroje/rub073/0016_sitting2_poses.npz
/mnt/Alfheim/Data/AMASS/NPZ/BML/BioMotionLab_NTroje/rub074/0015_sitting1_poses.npz
/mnt/Alfheim/Data/AMASS/NPZ/BML/BioMotionLab_NTroje/rub074/0016_sitting2_poses.npz
/mnt/Alfheim/Data/AMASS/NPZ/BML/BioMotionLab_NTroje/rub075/0015_sitting1_poses.npz
/mnt/Alfheim/Data/AMASS/NPZ/BML/BioMotionLab_NTroje/rub075/0016_sitting2_poses.npz
/mnt/Alfheim/Data/AMASS/NPZ/BML/BioMotionLab_NTroje/rub076/0015_sitting1_poses.npz
/mnt/Alfheim/Data/AMASS/NPZ/BML/BioMotionLab_NTroje/rub076/0016_sitting2_poses.npz
/mnt/Alfheim/Data/AMASS/NPZ/BML/BioMotionLab_NTroje/rub077/0016_sitting2_poses.npz
/mnt/Alfheim/Data/AMASS/NPZ/BML/BioMotionLab_NTroje/rub077/0015_sitting1_poses.npz
/mnt/Alfheim/Data/AMASS/NPZ/BML/BioMotionLab_NTroje/rub078/0015_sitting1_poses.npz
/mnt/Alfheim/Data/AMASS/NPZ/BML/BioMotionLab_NTroje/rub078/0016_sitting2_poses.npz
/mnt/Alfheim/Data/AMASS/NPZ/BML/BioMotionLab_NTroje/rub079/0015_sitting2_poses.npz
/mnt/Alfheim/Data/AMASS/NPZ/BML/BioMotionLab_NTroje/rub080/0015_sitting1_poses.npz
/mnt/Alfheim/Data/AMASS/NPZ/BML/BioMotionLab_NTroje/rub080/0016_sitting2_poses.npz
/mnt/Alfheim/Data/AMASS/NPZ/BML/BioMotionLab_NTroje/rub081/0016_sitting2_poses.npz
/mnt/Alfheim/Data/AMASS/NPZ/BML/BioMotionLab_NTroje/rub081/0015_sitting1_poses.npz
/mnt/Alfheim/Data/AMASS/NPZ/BML/BioMotionLab_NTroje/rub083/0015_sitting1_poses.npz
/mnt/Alfheim/Data/AMASS/NPZ/BML/BioMotionLab_NTroje/rub083/0016_sitting2_poses.npz
/mnt/Alfheim/Data/AMASS/NPZ/BML/BioMotionLab_NTroje/rub085/0016_sitting2_poses.npz
/mnt/Alfheim/Data/AMASS/NPZ/BML/BioMotionLab_NTroje/rub085/0015_sitting1_poses.npz
/mnt/Alfheim/Data/AMASS/NPZ/BML/BioMotionLab_NTroje/rub086/0014_sitting1_poses.npz
/mnt/Alfheim/Data/AMASS/NPZ/BML/BioMotionLab_NTroje/rub086/0015_sitting2_poses.npz
/mnt/Alfheim/Data/AMASS/NPZ/BML/BioMotionLab_NTroje/rub087/0015_sitting1_poses.npz
/mnt/Alfheim/Data/AMASS/NPZ/BML/BioMotionLab_NTroje/rub087/0016_sitting2_poses.npz
/mnt/Alfheim/Data/AMASS/NPZ/BML/BioMotionLab_NTroje/rub088/0015_sitting1_poses.npz
/mnt/Alfheim/Data/AMASS/NPZ/BML/BioMotionLab_NTroje/rub088/0016_sitting2_poses.npz
/mnt/Alfheim/Data/AMASS/NPZ/BML/BioMotionLab_NTroje/rub089/0015_sitting1_poses.npz
/mnt/Alfheim/Data/AMASS/NPZ/BML/BioMotionLab_NTroje/rub089/0016_sitting2_poses.npz
/mnt/Alfheim/Data/AMASS/NPZ/BML/BioMotionLab_NTroje/rub090/0015_sitting1_poses.npz
/mnt/Alfheim/Data/AMASS/NPZ/BML/BioMotionLab_NTroje/rub090/0016_sitting2_poses.npz
/mnt/Alfheim/Data/AMASS/NPZ/BML/BioMotionLab_NTroje/rub091/0015_sitting1_poses.npz
/mnt/Alfheim/Data/AMASS/NPZ/BML/BioMotionLab_NTroje/rub091/0016_sitting2_poses.npz
/mnt/Alfheim/Data/AMASS/NPZ/BML/BioMotionLab_NTroje/rub092/0015_sitting1_poses.npz
/mnt/Alfheim/Data/AMASS/NPZ/BML/BioMotionLab_NTroje/rub092/0016_sitting2_poses.npz
/mnt/Alfheim/Data/AMASS/NPZ/BML/BioMotionLab_NTroje/rub093/0016_sitting2_poses.npz
/mnt/Alfheim/Data/AMASS/NPZ/BML/BioMotionLab_NTroje/rub093/0015_sitting1_poses.npz
/mnt/Alfheim/Data/AMASS/NPZ/BML/BioMotionLab_NTroje/rub094/0015_sitting1_poses.npz
/mnt/Alfheim/Data/AMASS/NPZ/BML/BioMotionLab_NTroje/rub094/0016_sitting2_poses.npz
/mnt/Alfheim/Data/AMASS/NPZ/BML/BioMotionLab_NTroje/rub095/0015_sitting1_poses.npz
/mnt/Alfheim/Data/AMASS/NPZ/BML/BioMotionLab_NTroje/rub095/0016_sitting2_poses.npz
/mnt/Alfheim/Data/AMASS/NPZ/BML/BioMotionLab_NTroje/rub096/0015_sitting1_poses.npz
/mnt/Alfheim/Data/AMASS/NPZ/BML/BioMotionLab_NTroje/rub096/0016_sitting2_poses.npz
/mnt/Alfheim/Data/AMASS/NPZ/BML/BioMotionLab_NTroje/rub098/0015_sitting1_poses.npz
/mnt/Alfheim/Data/AMASS/NPZ/BML/BioMotionLab_NTroje/rub098/0016_sitting2_poses.npz
/mnt/Alfheim/Data/AMASS/NPZ/BML/BioMotionLab_NTroje/rub099/0015_sitting1_poses.npz
/mnt/Alfheim/Data/AMASS/NPZ/BML/BioMotionLab_NTroje/rub099/0016_sitting2_poses.npz
/mnt/Alfheim/Data/AMASS/NPZ/BML/BioMotionLab_NTroje/rub100/0015_sitting1_poses.npz
/mnt/Alfheim/Data/AMASS/NPZ/BML/BioMotionLab_NTroje/rub100/0016_sitting2_poses.npz
/mnt/Alfheim/Data/AMASS/NPZ/BML/BioMotionLab_NTroje/rub101/0014_sitting1_poses.npz
/mnt/Alfheim/Data/AMASS/NPZ/BML/BioMotionLab_NTroje/rub101/0015_sitting2_poses.npz
/mnt/Alfheim/Data/AMASS/NPZ/BML/BioMotionLab_NTroje/rub102/0015_sitting1_poses.npz
/mnt/Alfheim/Data/AMASS/NPZ/BML/BioMotionLab_NTroje/rub102/0016_sitting2_poses.npz
/mnt/Alfheim/Data/AMASS/NPZ/BML/BioMotionLab_NTroje/rub103/0015_sitting1_poses.npz
/mnt/Alfheim/Data/AMASS/NPZ/BML/BioMotionLab_NTroje/rub103/0016_sitting2_poses.npz
/mnt/Alfheim/Data/AMASS/NPZ/BML/BioMotionLab_NTroje/rub104/0015_sitting1_poses.npz
/mnt/Alfheim/Data/AMASS/NPZ/BML/BioMotionLab_NTroje/rub104/0016_sitting2_poses.npz
/mnt/Alfheim/Data/AMASS/NPZ/BML/BioMotionLab_NTroje/rub105/0015_sitting1_poses.npz
/mnt/Alfheim/Data/AMASS/NPZ/BML/BioMotionLab_NTroje/rub105/0016_sitting2_poses.npz
/mnt/Alfheim/Data/AMASS/NPZ/BML/BioMotionLab_NTroje/rub106/0015_sitting1_poses.npz
/mnt/Alfheim/Data/AMASS/NPZ/BML/BioMotionLab_NTroje/rub108/0015_sitting1_poses.npz
/mnt/Alfheim/Data/AMASS/NPZ/BML/BioMotionLab_NTroje/rub108/0016_sitting2_poses.npz
/mnt/Alfheim/Data/AMASS/NPZ/BML/BioMotionLab_NTroje/rub109/0016_sitting2_poses.npz
/mnt/Alfheim/Data/AMASS/NPZ/BML/BioMotionLab_NTroje/rub112/0015_sitting1_poses.npz
/mnt/Alfheim/Data/AMASS/NPZ/BML/BioMotionLab_NTroje/rub112/0016_sitting2_poses.npz
/mnt/Alfheim/Data/AMASS/NPZ/BML/BioMotionLab_NTroje/rub114/0016_sitting2_poses.npz
/mnt/Alfheim/Data/AMASS/NPZ/BML/BioMotionLab_NTroje/rub114/0015_sitting1_poses.npz
/mnt/Alfheim/Data/AMASS/NPZ/BML/BioMotionLab_NTroje/rub115/0015_sitting1_poses.npz
/mnt/Alfheim/Data/AMASS/NPZ/BML/BioMotionLab_NTroje/rub115/0016_sitting2_poses.npz
/mnt/Alfheim/Data/AMASS/NPZ/BML/BioMotionLab_NTroje/rub026/0015_sitting1_poses.npz
/mnt/Alfheim/Data/AMASS/NPZ/BML/BioMotionLab_NTroje/rub027/0015_sitting1_poses.npz
/mnt/Alfheim/Data/AMASS/NPZ/BML/BioMotionLab_NTroje/rub027/0016_sitting2_poses.npz
/mnt/Alfheim/Data/AMASS/NPZ/BML/BioMotionLab_NTroje/rub028/0015_sitting1_poses.npz
/mnt/Alfheim/Data/AMASS/NPZ/BML/BioMotionLab_NTroje/rub028/0016_sitting2_poses.npz
/mnt/Alfheim/Data/AMASS/NPZ/BML/BioMotionLab_NTroje/rub029/0015_sitting1_poses.npz
/mnt/Alfheim/Data/AMASS/NPZ/BML/BioMotionLab_NTroje/rub029/0016_sitting2_poses.npz
/mnt/Alfheim/Data/AMASS/NPZ/BML/BioMotionLab_NTroje/rub030/0015_sitting1_poses.npz
/mnt/Alfheim/Data/AMASS/NPZ/BML/BioMotionLab_NTroje/rub030/0016_sitting2_poses.npz
/mnt/Alfheim/Data/AMASS/NPZ/BML/BioMotionLab_NTroje/rub031/0015_sitting1_poses.npz
/mnt/Alfheim/Data/AMASS/NPZ/BML/BioMotionLab_NTroje/rub031/0016_sitting2_poses.npz
/mnt/Alfheim/Data/AMASS/NPZ/BML/BioMotionLab_NTroje/rub031/0017_sitting3_poses.npz
/mnt/Alfheim/Data/AMASS/NPZ/BML/BioMotionLab_NTroje/rub032/0016_sitting2_poses.npz
/mnt/Alfheim/Data/AMASS/NPZ/BML/BioMotionLab_NTroje/rub033/0014_sitting1_poses.npz
/mnt/Alfheim/Data/AMASS/NPZ/BML/BioMotionLab_NTroje/rub033/0015_sitting2_poses.npz
/mnt/Alfheim/Data/AMASS/NPZ/BML/BioMotionLab_NTroje/rub034/0016_sitting2_poses.npz
/mnt/Alfheim/Data/AMASS/NPZ/BML/BioMotionLab_NTroje/rub035/0015_sitting1_poses.npz
/mnt/Alfheim/Data/AMASS/NPZ/BML/BioMotionLab_NTroje/rub035/0016_sitting2_poses.npz
/mnt/Alfheim/Data/AMASS/NPZ/BML/BioMotionLab_NTroje/rub036/0015_sitting1_poses.npz
/mnt/Alfheim/Data/AMASS/NPZ/BML/BioMotionLab_NTroje/rub036/0016_sitting2_poses.npz
/mnt/Alfheim/Data/AMASS/NPZ/BML/BioMotionLab_NTroje/rub037/0015_sitting1_poses.npz
/mnt/Alfheim/Data/AMASS/NPZ/BML/BioMotionLab_NTroje/rub037/0016_sitting2_poses.npz
/mnt/Alfheim/Data/AMASS/NPZ/BML/BioMotionLab_NTroje/rub038/0015_sitting1_poses.npz
/mnt/Alfheim/Data/AMASS/NPZ/BML/BioMotionLab_NTroje/rub038/0016_sitting2_poses.npz
/mnt/Alfheim/Data/AMASS/NPZ/BML/BioMotionLab_NTroje/rub039/0015_sitting1_poses.npz
/mnt/Alfheim/Data/AMASS/NPZ/BML/BioMotionLab_NTroje/rub039/0016_sitting2_poses.npz
/mnt/Alfheim/Data/AMASS/NPZ/BML/BioMotionLab_NTroje/rub041/0015_sitting1_poses.npz
/mnt/Alfheim/Data/AMASS/NPZ/BML/BioMotionLab_NTroje/rub041/0016_sitting2_poses.npz
/mnt/Alfheim/Data/AMASS/NPZ/BML/BioMotionLab_NTroje/rub042/0016_sitting2_poses.npz
/mnt/Alfheim/Data/AMASS/NPZ/BML/BioMotionLab_NTroje/rub042/0015_sitting1_poses.npz
/mnt/Alfheim/Data/AMASS/NPZ/BML/BioMotionLab_NTroje/rub043/0015_sitting1_poses.npz
/mnt/Alfheim/Data/AMASS/NPZ/BML/BioMotionLab_NTroje/rub043/0016_sitting2_poses.npz
/mnt/Alfheim/Data/AMASS/NPZ/BML/BioMotionLab_NTroje/rub044/0015_sitting1_poses.npz
/mnt/Alfheim/Data/AMASS/NPZ/BML/BioMotionLab_NTroje/rub044/0016_sitting2_poses.npz
/mnt/Alfheim/Data/AMASS/NPZ/BML/BioMotionLab_NTroje/rub045/0017_sitting3_poses.npz
/mnt/Alfheim/Data/AMASS/NPZ/BML/BioMotionLab_NTroje/rub045/0015_sitting1_poses.npz
/mnt/Alfheim/Data/AMASS/NPZ/BML/BioMotionLab_NTroje/rub045/0016_sitting2_poses.npz
/mnt/Alfheim/Data/AMASS/NPZ/BML/BioMotionLab_NTroje/rub046/0015_sitting1_poses.npz
/mnt/Alfheim/Data/AMASS/NPZ/BML/BioMotionLab_NTroje/rub046/0016_sitting2_poses.npz
/mnt/Alfheim/Data/AMASS/NPZ/BML/BioMotionLab_NTroje/rub047/0015_sitting1_poses.npz
/mnt/Alfheim/Data/AMASS/NPZ/BML/BioMotionLab_NTroje/rub047/0016_sitting2_poses.npz
/mnt/Alfheim/Data/AMASS/NPZ/EyesJapanDataset/Eyes_Japan_Dataset/aita/sitdown_standup-04-chair elbow-aita_poses.npz
/mnt/Alfheim/Data/AMASS/NPZ/EyesJapanDataset/Eyes_Japan_Dataset/aita/sitdown_standup-05-straight-aita_poses.npz
/mnt/Alfheim/Data/AMASS/NPZ/EyesJapanDataset/Eyes_Japan_Dataset/aita/sitdown_standup-08-long sitting-aita_poses.npz
/mnt/Alfheim/Data/AMASS/NPZ/EyesJapanDataset/Eyes_Japan_Dataset/aita/sitdown_standup-09-squat down-aita_poses.npz
/mnt/Alfheim/Data/AMASS/NPZ/EyesJapanDataset/Eyes_Japan_Dataset/aita/sitdown_standup-10-observe-aita_poses.npz
/mnt/Alfheim/Data/AMASS/NPZ/EyesJapanDataset/Eyes_Japan_Dataset/aita/sitdown_standup-11-one knee drawn up-aita_poses.npz
/mnt/Alfheim/Data/AMASS/NPZ/EyesJapanDataset/Eyes_Japan_Dataset/aita/sitdown_standup-14-hold chair-aita_poses.npz
/mnt/Alfheim/Data/AMASS/NPZ/EyesJapanDataset/Eyes_Japan_Dataset/aita/sitdown_standup-15-move chair-aita_poses.npz
/mnt/Alfheim/Data/AMASS/NPZ/EyesJapanDataset/Eyes_Japan_Dataset/aita/sitdown_standup-16-reseat-aita_poses.npz
/mnt/Alfheim/Data/AMASS/NPZ/EyesJapanDataset/Eyes_Japan_Dataset/hamada/sitdown_standup-01-impolite-hamada_poses.npz
/mnt/Alfheim/Data/AMASS/NPZ/EyesJapanDataset/Eyes_Japan_Dataset/hamada/sitdown_standup-02-chair-hamada_poses.npz
/mnt/Alfheim/Data/AMASS/NPZ/EyesJapanDataset/Eyes_Japan_Dataset/hamada/sitdown_standup-03-chair back-hamada_poses.npz
/mnt/Alfheim/Data/AMASS/NPZ/EyesJapanDataset/Eyes_Japan_Dataset/hamada/sitdown_standup-04-chair elbow-hamada_poses.npz
/mnt/Alfheim/Data/AMASS/NPZ/EyesJapanDataset/Eyes_Japan_Dataset/hamada/sitdown_standup-05-straight-hamada_poses.npz
/mnt/Alfheim/Data/AMASS/NPZ/EyesJapanDataset/Eyes_Japan_Dataset/hamada/sitdown_standup-10-observe-hamada_poses.npz
/mnt/Alfheim/Data/AMASS/NPZ/EyesJapanDataset/Eyes_Japan_Dataset/hamada/sitdown_standup-13-applause-hamada_poses.npz
/mnt/Alfheim/Data/AMASS/NPZ/EyesJapanDataset/Eyes_Japan_Dataset/hamada/sitdown_standup-14-hold chair-hamada_poses.npz
/mnt/Alfheim/Data/AMASS/NPZ/EyesJapanDataset/Eyes_Japan_Dataset/hamada/sitdown_standup-15-move chair-hamada_poses.npz
/mnt/Alfheim/Data/AMASS/NPZ/EyesJapanDataset/Eyes_Japan_Dataset/hamada/sitdown_standup-16-reseat-hamada_poses.npz
/mnt/Alfheim/Data/AMASS/NPZ/EyesJapanDataset/Eyes_Japan_Dataset/hamada/sitdown_standup-09-squat down-hamada_poses.npz
/mnt/Alfheim/Data/AMASS/NPZ/EyesJapanDataset/Eyes_Japan_Dataset/ichige/sitdown_standup-11-one knee drawn up-ichige_poses.npz
/mnt/Alfheim/Data/AMASS/NPZ/EyesJapanDataset/Eyes_Japan_Dataset/kaiwa/sitdown_standup-03-chair back-kaiwa_poses.npz
/mnt/Alfheim/Data/AMASS/NPZ/EyesJapanDataset/Eyes_Japan_Dataset/kaiwa/sitdown_standup-09-squat down-kaiwa_poses.npz
/mnt/Alfheim/Data/AMASS/NPZ/EyesJapanDataset/Eyes_Japan_Dataset/kanno/sitdown_standup-01-impolite-kanno_poses.npz
/mnt/Alfheim/Data/AMASS/NPZ/EyesJapanDataset/Eyes_Japan_Dataset/kanno/sitdown_standup-03-chair back-kanno_poses.npz
/mnt/Alfheim/Data/AMASS/NPZ/EyesJapanDataset/Eyes_Japan_Dataset/kanno/sitdown_standup-10-observe-kanno_poses.npz
/mnt/Alfheim/Data/AMASS/NPZ/EyesJapanDataset/Eyes_Japan_Dataset/kanno/sitdown_standup-11-one knee drawn up-kanno_poses.npz
/mnt/Alfheim/Data/AMASS/NPZ/EyesJapanDataset/Eyes_Japan_Dataset/kanno/sitdown_standup-13-applause-kanno_poses.npz
/mnt/Alfheim/Data/AMASS/NPZ/EyesJapanDataset/Eyes_Japan_Dataset/kanno/sitdown_standup-14-hold chair-kanno_poses.npz
/mnt/Alfheim/Data/AMASS/NPZ/EyesJapanDataset/Eyes_Japan_Dataset/kawaguchi/sitdown_standup-01-impolite-kawaguchi_poses.npz
/mnt/Alfheim/Data/AMASS/NPZ/EyesJapanDataset/Eyes_Japan_Dataset/kawaguchi/sitdown_standup-10-observe-kawaguchi_poses.npz
/mnt/Alfheim/Data/AMASS/NPZ/EyesJapanDataset/Eyes_Japan_Dataset/kawaguchi/sitdown_standup-11-one knee drawn up-kawaguchi_poses.npz
/mnt/Alfheim/Data/AMASS/NPZ/EyesJapanDataset/Eyes_Japan_Dataset/kudo/sitdown_standup-14-hold chair-kudo_poses.npz
/mnt/Alfheim/Data/AMASS/NPZ/EyesJapanDataset/Eyes_Japan_Dataset/kudo/sitdown_standup-16-reseat-kudo_poses.npz
/mnt/Alfheim/Data/AMASS/NPZ/EyesJapanDataset/Eyes_Japan_Dataset/shiono/sitdown_standup-03-chair back-shiono_poses.npz
/mnt/Alfheim/Data/AMASS/NPZ/EyesJapanDataset/Eyes_Japan_Dataset/shiono/sitdown_standup-11-one knee drawn up-shiono_poses.npz
/mnt/Alfheim/Data/AMASS/NPZ/EyesJapanDataset/Eyes_Japan_Dataset/takiguchi/sitdown_standup-09-squat down-takiguchi_poses.npz
/mnt/Alfheim/Data/AMASS/NPZ/EyesJapanDataset/Eyes_Japan_Dataset/takiguchi/sitdown_standup-16-reseat-takiguchi_poses.npz
/mnt/Alfheim/Data/AMASS/NPZ/KIT/KIT/1346/Experiment3_subject1346_wash_back_position_horizontal_01_poses.npz
/mnt/Alfheim/Data/AMASS/NPZ/KIT/KIT/1346/Experiment3_subject1346_wash_back_position_horizontal_02_poses.npz
/mnt/Alfheim/Data/AMASS/NPZ/KIT/KIT/1346/Experiment3_subject1346_wash_leg_position_bigcircles_01_poses.npz
/mnt/Alfheim/Data/AMASS/NPZ/KIT/KIT/1346/Experiment3_subject1346_wash_leg_position_bigcircles_02_poses.npz
/mnt/Alfheim/Data/AMASS/NPZ/KIT/KIT/1346/Experiment3_subject1346_wash_leg_position_horizontal_01_poses.npz
/mnt/Alfheim/Data/AMASS/NPZ/KIT/KIT/1346/Experiment3_subject1346_wash_leg_position_horizontal_02_poses.npz
/mnt/Alfheim/Data/AMASS/NPZ/KIT/KIT/1346/Experiment3_subject1346_wash_leg_position_smallcircles_01_poses.npz
/mnt/Alfheim/Data/AMASS/NPZ/KIT/KIT/1346/Experiment3_subject1346_wash_leg_position_smallcircles_02_poses.npz
/mnt/Alfheim/Data/AMASS/NPZ/KIT/KIT/1346/Experiment3_subject1346_wash_leg_position_vertical_01_poses.npz
/mnt/Alfheim/Data/AMASS/NPZ/KIT/KIT/1346/Experiment3_subject1346_wash_leg_position_vertical_02_poses.npz
/mnt/Alfheim/Data/AMASS/NPZ/KIT/KIT/1347/Experiment3_subject1347_wash_leg_position_smallcircles_01_poses.npz
/mnt/Alfheim/Data/AMASS/NPZ/KIT/KIT/1347/Experiment3_subject1347_wash_leg_position_smallcircles_02_poses.npz
/mnt/Alfheim/Data/AMASS/NPZ/KIT/KITrenders/KIT/1346/Experiment3_subject1346_wash_back_position_horizontal_01.mp4
/mnt/Alfheim/Data/AMASS/NPZ/KIT/KITrenders/KIT/1346/Experiment3_subject1346_wash_back_position_horizontal_02.mp4
/mnt/Alfheim/Data/AMASS/NPZ/KIT/KITrenders/KIT/1346/Experiment3_subject1346_wash_leg_position_bigcircles_01.mp4
/mnt/Alfheim/Data/AMASS/NPZ/KIT/KITrenders/KIT/1346/Experiment3_subject1346_wash_leg_position_bigcircles_02.mp4
/mnt/Alfheim/Data/AMASS/NPZ/KIT/KITrenders/KIT/1346/Experiment3_subject1346_wash_leg_position_horizontal_01.mp4
/mnt/Alfheim/Data/AMASS/NPZ/KIT/KITrenders/KIT/1346/Experiment3_subject1346_wash_leg_position_horizontal_02.mp4
/mnt/Alfheim/Data/AMASS/NPZ/KIT/KITrenders/KIT/1346/Experiment3_subject1346_wash_leg_position_smallcircles_01.mp4
/mnt/Alfheim/Data/AMASS/NPZ/KIT/KITrenders/KIT/1346/Experiment3_subject1346_wash_leg_position_smallcircles_02.mp4
/mnt/Alfheim/Data/AMASS/NPZ/KIT/KITrenders/KIT/1346/Experiment3_subject1346_wash_leg_position_vertical_01.mp4
/mnt/Alfheim/Data/AMASS/NPZ/KIT/KITrenders/KIT/1346/Experiment3_subject1346_wash_leg_position_vertical_02.mp4
/mnt/Alfheim/Data/AMASS/NPZ/KIT/KITrenders/KIT/1347/Experiment3_subject1347_wash_leg_position_smallcircles_01.mp4
/mnt/Alfheim/Data/AMASS/NPZ/KIT/KITrenders/KIT/1347/Experiment3_subject1347_wash_leg_position_smallcircles_02.mp4
/mnt/Alfheim/Data/AMASS/NPZ/Transitionsmocap
/mnt/Alfheim/Data/AMASS/NPZ/Transitionsmocap/Transitions_mocap
/mnt/Alfheim/Data/AMASS/NPZ/Transitionsmocap/Transitions_mocap/mazen_c3d/sit_jumpinplace_poses.npz
/mnt/Alfheim/Data/AMASS/NPZ/Transitionsmocap/Transitions_mocap/mazen_c3d/sit_stand_poses.npz
